#
# There is insufficient memory for the Java Runtime Environment to continue.
# Native memory allocation (malloc) failed to allocate 1854000 bytes. Error detail: Chunk::new
# Possible reasons:
#   The system is out of physical RAM or swap space
#   This process is running with CompressedOops enabled, and the Java Heap may be blocking the growth of the native heap
# Possible solutions:
#   Reduce memory load on the system
#   Increase physical memory or swap space
#   Check if swap backing store is full
#   Decrease Java heap size (-Xmx/-Xms)
#   Decrease number of Java threads
#   Decrease Java thread stack sizes (-Xss)
#   Set larger code cache with -XX:ReservedCodeCacheSize=
#   JVM is running with Zero Based Compressed Oops mode in which the Java heap is
#     placed in the first 32GB address space. The Java Heap base address is the
#     maximum limit for the native heap growth. Please use -XX:HeapBaseMinAddress
#     to set the Java Heap base and to place the Java Heap above 32GB virtual address.
# This output file may be truncated or incomplete.
#
#  Out of Memory Error (arena.cpp:149), pid=23164, tid=3016
#
# JRE version: OpenJDK Runtime Environment Corretto-23.0.2.7.1 (23.0.2+7) (build 23.0.2+7-FR)
# Java VM: OpenJDK 64-Bit Server VM Corretto-23.0.2.7.1 (23.0.2+7-FR, mixed mode, sharing, tiered, compressed oops, compressed class ptrs, g1 gc, windows-amd64)
# No core dump will be written. Minidumps are not enabled by default on client versions of Windows
#

---------------  S U M M A R Y ------------

Command Line: --add-reads=com.example.demo1=ALL-UNNAMED -javaagent:C:\Program Files\JetBrains\IntelliJ IDEA Community Edition 2025.2.1\lib\idea_rt.jar=62026 -Dfile.encoding=UTF-8 -Dsun.stdout.encoding=UTF-8 -Dsun.stderr.encoding=UTF-8 --module-path=C:\Users\jorge\.m2\repository\org\jfree\jfreechart\1.0.19\jfreechart-1.0.19.jar;C:\Users\jorge\.m2\repository\jfree\jfreechart\1.0.13\jfreechart-1.0.13.jar;C:\Users\jorge\.m2\repository\org\codehaus\woodstox\stax2-api\4.2.1\stax2-api-4.2.1.jar;C:\Users\jorge\.m2\repository\net\sf\jasperreports\jasperreports\6.21.3\jasperreports-6.21.3.jar;C:\Users\jorge\.m2\repository\org\openjfx\javafx-controls\21.0.6\javafx-controls-21.0.6-win.jar;C:\Users\jorge\.m2\repository\com\fasterxml\woodstox\woodstox-core\6.5.1\woodstox-core-6.5.1.jar;C:\Users\jorge\.m2\repository\org\openjfx\javafx-graphics\21.0.6\javafx-graphics-21.0.6-win.jar;C:\Users\jorge\.m2\repository\org\openjfx\javafx-fxml\21.0.6\javafx-fxml-21.0.6-win.jar;C:\Users\jorge\IdeaProjects\demo1\target\classes;C:\Users\jorge\.m2\repository\org\openjfx\javafx-base\21.0.6\javafx-base-21.0.6-win.jar;C:\Users\jorge\.m2\repository\com\sun\mail\javax.mail\1.6.2\javax.mail-1.6.2.jar -Djdk.module.main=com.example.demo1 com.example.demo1/com.example.demo1.app.Mainapp

Host: Intel(R) N200, 4 cores, 15G,  Windows 11 , 64 bit Build 26100 (10.0.26100.5074)
Time: Mon May 18 19:29:37 2026 Hora estándar oeste, Sudamérica elapsed time: 9.362158 seconds (0d 0h 0m 9s)

---------------  T H R E A D  ---------------

Current thread (0x0000029f6a08d0c0):  JavaThread "C2 CompilerThread0" daemon [_thread_in_native, id=3016, stack(0x000000dcf2300000,0x000000dcf2400000) (1024K)]


Current CompileTask:
C2:9363 2500       4       java.lang.invoke.MethodType::makeImpl (109 bytes)

Stack: [0x000000dcf2300000,0x000000dcf2400000]
Native frames: (J=compiled Java code, j=interpreted, Vv=VM code, C=native code)
V  [jvm.dll+0x6f3b69]  (no source info available)
V  [jvm.dll+0x8e5d05]  (no source info available)
V  [jvm.dll+0x8e7fbe]  (no source info available)
V  [jvm.dll+0x8e86a3]  (no source info available)
V  [jvm.dll+0x285ee6]  (no source info available)
V  [jvm.dll+0xbd2df]  (no source info available)
V  [jvm.dll+0xbd53b]  (no source info available)
V  [jvm.dll+0x3c248b]  (no source info available)
V  [jvm.dll+0x3983ed]  (no source info available)
V  [jvm.dll+0x39785a]  (no source info available)
V  [jvm.dll+0x24f230]  (no source info available)
V  [jvm.dll+0x24e731]  (no source info available)
V  [jvm.dll+0x1cb73a]  (no source info available)
V  [jvm.dll+0x25e6b1]  (no source info available)
V  [jvm.dll+0x25c97b]  (no source info available)
V  [jvm.dll+0x3fd8f6]  (no source info available)
V  [jvm.dll+0x88b4a8]  (no source info available)
V  [jvm.dll+0x6f23a5]  (no source info available)
C  [ucrtbase.dll+0x37b0]  (no source info available)
C  [KERNEL32.DLL+0x2e8d7]  (no source info available)
C  [ntdll.dll+0x8d9c]  (no source info available)

Lock stack of current Java thread (top to bottom):


---------------  P R O C E S S  ---------------

Threads class SMR info:
_java_thread_list=0x0000029f734d83e0, length=20, elements={
0x0000029f4b588d10, 0x0000029f6a075c60, 0x0000029f6a077ad0, 0x0000029f6a07a2b0,
0x0000029f6a07dda0, 0x0000029f6a081b20, 0x0000029f6a0894a0, 0x0000029f6a08d0c0,
0x0000029f450317a0, 0x0000029f450f9af0, 0x0000029f453712d0, 0x0000029f453d54d0,
0x0000029f45ae0e30, 0x0000029f461b1e00, 0x0000029f461a0f20, 0x0000029f466a9cd0,
0x0000029f4670ab00, 0x0000029f450c72c0, 0x0000029f450c7fe0, 0x0000029f46e06050
}

Java Threads: ( => current thread )
  0x0000029f4b588d10 JavaThread "main"                              [_thread_blocked, id=15292, stack(0x000000dcf1500000,0x000000dcf1600000) (1024K)]
  0x0000029f6a075c60 JavaThread "Reference Handler"          daemon [_thread_blocked, id=10172, stack(0x000000dcf1d00000,0x000000dcf1e00000) (1024K)]
  0x0000029f6a077ad0 JavaThread "Finalizer"                  daemon [_thread_blocked, id=20552, stack(0x000000dcf1e00000,0x000000dcf1f00000) (1024K)]
  0x0000029f6a07a2b0 JavaThread "Signal Dispatcher"          daemon [_thread_blocked, id=12780, stack(0x000000dcf1f00000,0x000000dcf2000000) (1024K)]
  0x0000029f6a07dda0 JavaThread "Attach Listener"            daemon [_thread_blocked, id=17528, stack(0x000000dcf2000000,0x000000dcf2100000) (1024K)]
  0x0000029f6a081b20 JavaThread "Service Thread"             daemon [_thread_blocked, id=21284, stack(0x000000dcf2100000,0x000000dcf2200000) (1024K)]
  0x0000029f6a0894a0 JavaThread "Monitor Deflation Thread"   daemon [_thread_blocked, id=1648, stack(0x000000dcf2200000,0x000000dcf2300000) (1024K)]
=>0x0000029f6a08d0c0 JavaThread "C2 CompilerThread0"         daemon [_thread_in_native, id=3016, stack(0x000000dcf2300000,0x000000dcf2400000) (1024K)]
  0x0000029f450317a0 JavaThread "C1 CompilerThread0"         daemon [_thread_blocked, id=20012, stack(0x000000dcf2400000,0x000000dcf2500000) (1024K)]
  0x0000029f450f9af0 JavaThread "Common-Cleaner"             daemon [_thread_blocked, id=24920, stack(0x000000dcf2500000,0x000000dcf2600000) (1024K)]
  0x0000029f453712d0 JavaThread "Monitor Ctrl-Break"         daemon [_thread_in_native, id=8136, stack(0x000000dcf2a00000,0x000000dcf2b00000) (1024K)]
  0x0000029f453d54d0 JavaThread "Notification Thread"        daemon [_thread_blocked, id=8576, stack(0x000000dcf2b00000,0x000000dcf2c00000) (1024K)]
  0x0000029f45ae0e30 JavaThread "QuantumRenderer-0"          daemon [_thread_in_vm, id=17260, stack(0x000000dcf2600000,0x000000dcf2700000) (1024K)]
  0x0000029f461b1e00 JavaThread "InvokeLaterDispatcher"      daemon [_thread_blocked, id=15428, stack(0x000000dcf2c00000,0x000000dcf2d00000) (1024K)]
  0x0000029f461a0f20 JavaThread "JavaFX Application Thread"         [_thread_blocked, id=23144, stack(0x000000dcf2d00000,0x000000dcf2e00000) (1024K)]
  0x0000029f466a9cd0 JavaThread "Thread-1"                   daemon [_thread_in_native, id=23660, stack(0x000000dcf3500000,0x000000dcf3600000) (1024K)]
  0x0000029f4670ab00 JavaThread "JavaFX-Launcher"                   [_thread_blocked, id=2320, stack(0x000000dcf3600000,0x000000dcf3700000) (1024K)]
  0x0000029f450c72c0 JavaThread "Prism Font Disposer"        daemon [_thread_blocked, id=20176, stack(0x000000dcf3a00000,0x000000dcf3b00000) (1024K)]
  0x0000029f450c7fe0 JavaThread "Cleaner-0"                  daemon [_thread_blocked, id=22532, stack(0x000000dcf3c00000,0x000000dcf3d00000) (1024K)]
  0x0000029f46e06050 JavaThread "C2 CompilerThread1"         daemon [_thread_blocked, id=22432, stack(0x000000dcf3d00000,0x000000dcf3e00000) (1024K)]
Total: 20

Other Threads:
  0x0000029f6a05b770 VMThread "VM Thread"                           [id=1712, stack(0x000000dcf1c00000,0x000000dcf1d00000) (1024K)]
  0x0000029f6a046e30 WatcherThread "VM Periodic Task Thread"        [id=14436, stack(0x000000dcf1b00000,0x000000dcf1c00000) (1024K)]
  0x0000029f4b5f2fd0 WorkerThread "GC Thread#0"                     [id=20148, stack(0x000000dcf1600000,0x000000dcf1700000) (1024K)]
  0x0000029f4556c560 WorkerThread "GC Thread#1"                     [id=11396, stack(0x000000dcf2700000,0x000000dcf2800000) (1024K)]
  0x0000029f45328eb0 WorkerThread "GC Thread#2"                     [id=21472, stack(0x000000dcf2800000,0x000000dcf2900000) (1024K)]
  0x0000029f453bb3a0 WorkerThread "GC Thread#3"                     [id=18252, stack(0x000000dcf2900000,0x000000dcf2a00000) (1024K)]
  0x0000029f4b646130 ConcurrentGCThread "G1 Main Marker"            [id=21728, stack(0x000000dcf1700000,0x000000dcf1800000) (1024K)]
  0x0000029f4b64a2a0 WorkerThread "G1 Conc#0"                       [id=10412, stack(0x000000dcf1800000,0x000000dcf1900000) (1024K)]
  0x0000029f69f1b910 ConcurrentGCThread "G1 Refine#0"               [id=19596, stack(0x000000dcf1900000,0x000000dcf1a00000) (1024K)]
  0x0000029f69f1c330 ConcurrentGCThread "G1 Service"                [id=19776, stack(0x000000dcf1a00000,0x000000dcf1b00000) (1024K)]
Total: 10

Threads with active compile tasks:
C2 CompilerThread0  9712 2500       4       java.lang.invoke.MethodType::makeImpl (109 bytes)
C1 CompilerThread0  9712 2659   !   3       com.sun.prism.impl.GlyphCache::getCachedGlyph (494 bytes)
Total: 2

VM state: not at safepoint (normal execution)

VM Mutex/Monitor currently owned by a thread: None

Heap address: 0x0000000705600000, size: 4010 MB, Compressed Oops mode: Zero based, Oop shift amount: 3

CDS archive(s) mapped at: [0x0000029f00000000-0x0000029f00d70000-0x0000029f00d70000), size 14090240, SharedBaseAddress: 0x0000029f00000000, ArchiveRelocationMode: 1.
Compressed class space mapped at: 0x0000029f01000000-0x0000029f41000000, reserved size: 1073741824
Narrow klass base: 0x0000029f00000000, Narrow klass shift: 0, Narrow klass range: 0x41000000

GC Precious Log:
 CardTable entry size: 512
 Card Set container configuration: InlinePtr #cards 4 size 8 Array Of Cards #cards 16 size 48 Howl #buckets 8 coarsen threshold 3686 Howl Bitmap #cards 512 size 80 coarsen threshold 460 Card regions per heap region 1 cards per card region 4096
 CPUs: 4 total, 4 available
 Memory: 16037M
 Large Page Support: Disabled
 NUMA Support: Disabled
 Compressed Oops: Enabled (Zero based)
 Heap Region Size: 2M
 Heap Min Capacity: 8M
 Heap Initial Capacity: 252M
 Heap Max Capacity: 4010M
 Pre-touch: Disabled
 Parallel Workers: 4
 Concurrent Workers: 1
 Concurrent Refinement Workers: 4
 Periodic GC: Disabled

Heap:
 garbage-first heap   total reserved 4106240K, committed 258048K, used 35655K [0x0000000705600000, 0x0000000800000000)
  region size 2048K, 17 young (34816K), 2 survivors (4096K)
 Metaspace       used 15895K, committed 16256K, reserved 1114112K
  class space    used 2476K, committed 2688K, reserved 1048576K

Heap Regions: E=young(eden), S=young(survivor), O=old, HS=humongous(starts), HC=humongous(continues), CS=collection set, F=free, TAMS=top-at-mark-start, PB=parsable bottom
|   0|0x0000000705600000, 0x0000000705800000, 0x0000000705800000|100%| O|  |TAMS 0x0000000705600000| PB 0x0000000705600000| Untracked |  0
|   1|0x0000000705800000, 0x00000007058d1e98, 0x0000000705a00000| 40%| O|  |TAMS 0x0000000705800000| PB 0x0000000705800000| Untracked |  0
|   2|0x0000000705a00000, 0x0000000705c00000, 0x0000000705c00000|100%|HS|  |TAMS 0x0000000705a00000| PB 0x0000000705a00000| Complete |  0
|   3|0x0000000705c00000, 0x0000000705c00000, 0x0000000705e00000|  0%| F|  |TAMS 0x0000000705c00000| PB 0x0000000705c00000| Untracked |  0
|   4|0x0000000705e00000, 0x0000000705e00000, 0x0000000706000000|  0%| F|  |TAMS 0x0000000705e00000| PB 0x0000000705e00000| Untracked |  0
|   5|0x0000000706000000, 0x0000000706000000, 0x0000000706200000|  0%| F|  |TAMS 0x0000000706000000| PB 0x0000000706000000| Untracked |  0
|   6|0x0000000706200000, 0x0000000706200000, 0x0000000706400000|  0%| F|  |TAMS 0x0000000706200000| PB 0x0000000706200000| Untracked |  0
|   7|0x0000000706400000, 0x0000000706400000, 0x0000000706600000|  0%| F|  |TAMS 0x0000000706400000| PB 0x0000000706400000| Untracked |  0
|   8|0x0000000706600000, 0x0000000706600000, 0x0000000706800000|  0%| F|  |TAMS 0x0000000706600000| PB 0x0000000706600000| Untracked |  0
|   9|0x0000000706800000, 0x0000000706800000, 0x0000000706a00000|  0%| F|  |TAMS 0x0000000706800000| PB 0x0000000706800000| Untracked |  0
|  10|0x0000000706a00000, 0x0000000706a00000, 0x0000000706c00000|  0%| F|  |TAMS 0x0000000706a00000| PB 0x0000000706a00000| Untracked |  0
|  11|0x0000000706c00000, 0x0000000706c00000, 0x0000000706e00000|  0%| F|  |TAMS 0x0000000706c00000| PB 0x0000000706c00000| Untracked |  0
|  12|0x0000000706e00000, 0x0000000706e00000, 0x0000000707000000|  0%| F|  |TAMS 0x0000000706e00000| PB 0x0000000706e00000| Untracked |  0
|  13|0x0000000707000000, 0x0000000707000000, 0x0000000707200000|  0%| F|  |TAMS 0x0000000707000000| PB 0x0000000707000000| Untracked |  0
|  14|0x0000000707200000, 0x0000000707200000, 0x0000000707400000|  0%| F|  |TAMS 0x0000000707200000| PB 0x0000000707200000| Untracked |  0
|  15|0x0000000707400000, 0x0000000707400000, 0x0000000707600000|  0%| F|  |TAMS 0x0000000707400000| PB 0x0000000707400000| Untracked |  0
|  16|0x0000000707600000, 0x0000000707600000, 0x0000000707800000|  0%| F|  |TAMS 0x0000000707600000| PB 0x0000000707600000| Untracked |  0
|  17|0x0000000707800000, 0x0000000707800000, 0x0000000707a00000|  0%| F|  |TAMS 0x0000000707800000| PB 0x0000000707800000| Untracked |  0
|  18|0x0000000707a00000, 0x0000000707a00000, 0x0000000707c00000|  0%| F|  |TAMS 0x0000000707a00000| PB 0x0000000707a00000| Untracked |  0
|  19|0x0000000707c00000, 0x0000000707c00000, 0x0000000707e00000|  0%| F|  |TAMS 0x0000000707c00000| PB 0x0000000707c00000| Untracked |  0
|  20|0x0000000707e00000, 0x0000000707e00000, 0x0000000708000000|  0%| F|  |TAMS 0x0000000707e00000| PB 0x0000000707e00000| Untracked |  0
|  21|0x0000000708000000, 0x0000000708000000, 0x0000000708200000|  0%| F|  |TAMS 0x0000000708000000| PB 0x0000000708000000| Untracked |  0
|  22|0x0000000708200000, 0x0000000708200000, 0x0000000708400000|  0%| F|  |TAMS 0x0000000708200000| PB 0x0000000708200000| Untracked |  0
|  23|0x0000000708400000, 0x0000000708400000, 0x0000000708600000|  0%| F|  |TAMS 0x0000000708400000| PB 0x0000000708400000| Untracked |  0
|  24|0x0000000708600000, 0x0000000708600000, 0x0000000708800000|  0%| F|  |TAMS 0x0000000708600000| PB 0x0000000708600000| Untracked |  0
|  25|0x0000000708800000, 0x0000000708800000, 0x0000000708a00000|  0%| F|  |TAMS 0x0000000708800000| PB 0x0000000708800000| Untracked |  0
|  26|0x0000000708a00000, 0x0000000708a00000, 0x0000000708c00000|  0%| F|  |TAMS 0x0000000708a00000| PB 0x0000000708a00000| Untracked |  0
|  27|0x0000000708c00000, 0x0000000708c00000, 0x0000000708e00000|  0%| F|  |TAMS 0x0000000708c00000| PB 0x0000000708c00000| Untracked |  0
|  28|0x0000000708e00000, 0x0000000708e00000, 0x0000000709000000|  0%| F|  |TAMS 0x0000000708e00000| PB 0x0000000708e00000| Untracked |  0
|  29|0x0000000709000000, 0x0000000709000000, 0x0000000709200000|  0%| F|  |TAMS 0x0000000709000000| PB 0x0000000709000000| Untracked |  0
|  30|0x0000000709200000, 0x0000000709200000, 0x0000000709400000|  0%| F|  |TAMS 0x0000000709200000| PB 0x0000000709200000| Untracked |  0
|  31|0x0000000709400000, 0x0000000709400000, 0x0000000709600000|  0%| F|  |TAMS 0x0000000709400000| PB 0x0000000709400000| Untracked |  0
|  32|0x0000000709600000, 0x0000000709600000, 0x0000000709800000|  0%| F|  |TAMS 0x0000000709600000| PB 0x0000000709600000| Untracked |  0
|  33|0x0000000709800000, 0x0000000709800000, 0x0000000709a00000|  0%| F|  |TAMS 0x0000000709800000| PB 0x0000000709800000| Untracked |  0
|  34|0x0000000709a00000, 0x0000000709a00000, 0x0000000709c00000|  0%| F|  |TAMS 0x0000000709a00000| PB 0x0000000709a00000| Untracked |  0
|  35|0x0000000709c00000, 0x0000000709c00000, 0x0000000709e00000|  0%| F|  |TAMS 0x0000000709c00000| PB 0x0000000709c00000| Untracked |  0
|  36|0x0000000709e00000, 0x0000000709e00000, 0x000000070a000000|  0%| F|  |TAMS 0x0000000709e00000| PB 0x0000000709e00000| Untracked |  0
|  37|0x000000070a000000, 0x000000070a000000, 0x000000070a200000|  0%| F|  |TAMS 0x000000070a000000| PB 0x000000070a000000| Untracked |  0
|  38|0x000000070a200000, 0x000000070a200000, 0x000000070a400000|  0%| F|  |TAMS 0x000000070a200000| PB 0x000000070a200000| Untracked |  0
|  39|0x000000070a400000, 0x000000070a400000, 0x000000070a600000|  0%| F|  |TAMS 0x000000070a400000| PB 0x000000070a400000| Untracked |  0
|  40|0x000000070a600000, 0x000000070a600000, 0x000000070a800000|  0%| F|  |TAMS 0x000000070a600000| PB 0x000000070a600000| Untracked |  0
|  41|0x000000070a800000, 0x000000070a800000, 0x000000070aa00000|  0%| F|  |TAMS 0x000000070a800000| PB 0x000000070a800000| Untracked |  0
|  42|0x000000070aa00000, 0x000000070aa00000, 0x000000070ac00000|  0%| F|  |TAMS 0x000000070aa00000| PB 0x000000070aa00000| Untracked |  0
|  43|0x000000070ac00000, 0x000000070ac00000, 0x000000070ae00000|  0%| F|  |TAMS 0x000000070ac00000| PB 0x000000070ac00000| Untracked |  0
|  44|0x000000070ae00000, 0x000000070ae00000, 0x000000070b000000|  0%| F|  |TAMS 0x000000070ae00000| PB 0x000000070ae00000| Untracked |  0
|  45|0x000000070b000000, 0x000000070b000000, 0x000000070b200000|  0%| F|  |TAMS 0x000000070b000000| PB 0x000000070b000000| Untracked |  0
|  46|0x000000070b200000, 0x000000070b200000, 0x000000070b400000|  0%| F|  |TAMS 0x000000070b200000| PB 0x000000070b200000| Untracked |  0
|  47|0x000000070b400000, 0x000000070b400000, 0x000000070b600000|  0%| F|  |TAMS 0x000000070b400000| PB 0x000000070b400000| Untracked |  0
|  48|0x000000070b600000, 0x000000070b600000, 0x000000070b800000|  0%| F|  |TAMS 0x000000070b600000| PB 0x000000070b600000| Untracked |  0
|  49|0x000000070b800000, 0x000000070b800000, 0x000000070ba00000|  0%| F|  |TAMS 0x000000070b800000| PB 0x000000070b800000| Untracked |  0
|  50|0x000000070ba00000, 0x000000070ba00000, 0x000000070bc00000|  0%| F|  |TAMS 0x000000070ba00000| PB 0x000000070ba00000| Untracked |  0
|  51|0x000000070bc00000, 0x000000070bc00000, 0x000000070be00000|  0%| F|  |TAMS 0x000000070bc00000| PB 0x000000070bc00000| Untracked |  0
|  52|0x000000070be00000, 0x000000070be00000, 0x000000070c000000|  0%| F|  |TAMS 0x000000070be00000| PB 0x000000070be00000| Untracked |  0
|  53|0x000000070c000000, 0x000000070c000000, 0x000000070c200000|  0%| F|  |TAMS 0x000000070c000000| PB 0x000000070c000000| Untracked |  0
|  54|0x000000070c200000, 0x000000070c200000, 0x000000070c400000|  0%| F|  |TAMS 0x000000070c200000| PB 0x000000070c200000| Untracked |  0
|  55|0x000000070c400000, 0x000000070c400000, 0x000000070c600000|  0%| F|  |TAMS 0x000000070c400000| PB 0x000000070c400000| Untracked |  0
|  56|0x000000070c600000, 0x000000070c600000, 0x000000070c800000|  0%| F|  |TAMS 0x000000070c600000| PB 0x000000070c600000| Untracked |  0
|  57|0x000000070c800000, 0x000000070c800000, 0x000000070ca00000|  0%| F|  |TAMS 0x000000070c800000| PB 0x000000070c800000| Untracked |  0
|  58|0x000000070ca00000, 0x000000070ca00000, 0x000000070cc00000|  0%| F|  |TAMS 0x000000070ca00000| PB 0x000000070ca00000| Untracked |  0
|  59|0x000000070cc00000, 0x000000070cc00000, 0x000000070ce00000|  0%| F|  |TAMS 0x000000070cc00000| PB 0x000000070cc00000| Untracked |  0
|  60|0x000000070ce00000, 0x000000070ce00000, 0x000000070d000000|  0%| F|  |TAMS 0x000000070ce00000| PB 0x000000070ce00000| Untracked |  0
|  61|0x000000070d000000, 0x000000070d000000, 0x000000070d200000|  0%| F|  |TAMS 0x000000070d000000| PB 0x000000070d000000| Untracked |  0
|  62|0x000000070d200000, 0x000000070d200000, 0x000000070d400000|  0%| F|  |TAMS 0x000000070d200000| PB 0x000000070d200000| Untracked |  0
|  63|0x000000070d400000, 0x000000070d400000, 0x000000070d600000|  0%| F|  |TAMS 0x000000070d400000| PB 0x000000070d400000| Untracked |  0
|  64|0x000000070d600000, 0x000000070d600000, 0x000000070d800000|  0%| F|  |TAMS 0x000000070d600000| PB 0x000000070d600000| Untracked |  0
|  65|0x000000070d800000, 0x000000070d800000, 0x000000070da00000|  0%| F|  |TAMS 0x000000070d800000| PB 0x000000070d800000| Untracked |  0
|  66|0x000000070da00000, 0x000000070da00000, 0x000000070dc00000|  0%| F|  |TAMS 0x000000070da00000| PB 0x000000070da00000| Untracked |  0
|  67|0x000000070dc00000, 0x000000070dc00000, 0x000000070de00000|  0%| F|  |TAMS 0x000000070dc00000| PB 0x000000070dc00000| Untracked |  0
|  68|0x000000070de00000, 0x000000070de00000, 0x000000070e000000|  0%| F|  |TAMS 0x000000070de00000| PB 0x000000070de00000| Untracked |  0
|  69|0x000000070e000000, 0x000000070e000000, 0x000000070e200000|  0%| F|  |TAMS 0x000000070e000000| PB 0x000000070e000000| Untracked |  0
|  70|0x000000070e200000, 0x000000070e200000, 0x000000070e400000|  0%| F|  |TAMS 0x000000070e200000| PB 0x000000070e200000| Untracked |  0
|  71|0x000000070e400000, 0x000000070e400000, 0x000000070e600000|  0%| F|  |TAMS 0x000000070e400000| PB 0x000000070e400000| Untracked |  0
|  72|0x000000070e600000, 0x000000070e600000, 0x000000070e800000|  0%| F|  |TAMS 0x000000070e600000| PB 0x000000070e600000| Untracked |  0
|  73|0x000000070e800000, 0x000000070e800000, 0x000000070ea00000|  0%| F|  |TAMS 0x000000070e800000| PB 0x000000070e800000| Untracked |  0
|  74|0x000000070ea00000, 0x000000070ea00000, 0x000000070ec00000|  0%| F|  |TAMS 0x000000070ea00000| PB 0x000000070ea00000| Untracked |  0
|  75|0x000000070ec00000, 0x000000070ec00000, 0x000000070ee00000|  0%| F|  |TAMS 0x000000070ec00000| PB 0x000000070ec00000| Untracked |  0
|  76|0x000000070ee00000, 0x000000070ee00000, 0x000000070f000000|  0%| F|  |TAMS 0x000000070ee00000| PB 0x000000070ee00000| Untracked |  0
|  77|0x000000070f000000, 0x000000070f000000, 0x000000070f200000|  0%| F|  |TAMS 0x000000070f000000| PB 0x000000070f000000| Untracked |  0
|  78|0x000000070f200000, 0x000000070f200000, 0x000000070f400000|  0%| F|  |TAMS 0x000000070f200000| PB 0x000000070f200000| Untracked |  0
|  79|0x000000070f400000, 0x000000070f400000, 0x000000070f600000|  0%| F|  |TAMS 0x000000070f400000| PB 0x000000070f400000| Untracked |  0
|  80|0x000000070f600000, 0x000000070f600000, 0x000000070f800000|  0%| F|  |TAMS 0x000000070f600000| PB 0x000000070f600000| Untracked |  0
|  81|0x000000070f800000, 0x000000070f800000, 0x000000070fa00000|  0%| F|  |TAMS 0x000000070f800000| PB 0x000000070f800000| Untracked |  0
|  82|0x000000070fa00000, 0x000000070fa00000, 0x000000070fc00000|  0%| F|  |TAMS 0x000000070fa00000| PB 0x000000070fa00000| Untracked |  0
|  83|0x000000070fc00000, 0x000000070fc00000, 0x000000070fe00000|  0%| F|  |TAMS 0x000000070fc00000| PB 0x000000070fc00000| Untracked |  0
|  84|0x000000070fe00000, 0x000000070fe00000, 0x0000000710000000|  0%| F|  |TAMS 0x000000070fe00000| PB 0x000000070fe00000| Untracked |  0
|  85|0x0000000710000000, 0x0000000710000000, 0x0000000710200000|  0%| F|  |TAMS 0x0000000710000000| PB 0x0000000710000000| Untracked |  0
|  86|0x0000000710200000, 0x0000000710200000, 0x0000000710400000|  0%| F|  |TAMS 0x0000000710200000| PB 0x0000000710200000| Untracked |  0
|  87|0x0000000710400000, 0x0000000710400000, 0x0000000710600000|  0%| F|  |TAMS 0x0000000710400000| PB 0x0000000710400000| Untracked |  0
|  88|0x0000000710600000, 0x0000000710600000, 0x0000000710800000|  0%| F|  |TAMS 0x0000000710600000| PB 0x0000000710600000| Untracked |  0
|  89|0x0000000710800000, 0x0000000710800000, 0x0000000710a00000|  0%| F|  |TAMS 0x0000000710800000| PB 0x0000000710800000| Untracked |  0
|  90|0x0000000710a00000, 0x0000000710a00000, 0x0000000710c00000|  0%| F|  |TAMS 0x0000000710a00000| PB 0x0000000710a00000| Untracked |  0
|  91|0x0000000710c00000, 0x0000000710c00000, 0x0000000710e00000|  0%| F|  |TAMS 0x0000000710c00000| PB 0x0000000710c00000| Untracked |  0
|  92|0x0000000710e00000, 0x0000000710e00000, 0x0000000711000000|  0%| F|  |TAMS 0x0000000710e00000| PB 0x0000000710e00000| Untracked |  0
|  93|0x0000000711000000, 0x0000000711000000, 0x0000000711200000|  0%| F|  |TAMS 0x0000000711000000| PB 0x0000000711000000| Untracked |  0
|  94|0x0000000711200000, 0x0000000711200000, 0x0000000711400000|  0%| F|  |TAMS 0x0000000711200000| PB 0x0000000711200000| Untracked |  0
|  95|0x0000000711400000, 0x0000000711400000, 0x0000000711600000|  0%| F|  |TAMS 0x0000000711400000| PB 0x0000000711400000| Untracked |  0
|  96|0x0000000711600000, 0x0000000711600000, 0x0000000711800000|  0%| F|  |TAMS 0x0000000711600000| PB 0x0000000711600000| Untracked |  0
|  97|0x0000000711800000, 0x0000000711800000, 0x0000000711a00000|  0%| F|  |TAMS 0x0000000711800000| PB 0x0000000711800000| Untracked |  0
|  98|0x0000000711a00000, 0x0000000711a00000, 0x0000000711c00000|  0%| F|  |TAMS 0x0000000711a00000| PB 0x0000000711a00000| Untracked |  0
|  99|0x0000000711c00000, 0x0000000711c00000, 0x0000000711e00000|  0%| F|  |TAMS 0x0000000711c00000| PB 0x0000000711c00000| Untracked |  0
| 100|0x0000000711e00000, 0x0000000711e00000, 0x0000000712000000|  0%| F|  |TAMS 0x0000000711e00000| PB 0x0000000711e00000| Untracked |  0
| 101|0x0000000712000000, 0x0000000712000000, 0x0000000712200000|  0%| F|  |TAMS 0x0000000712000000| PB 0x0000000712000000| Untracked |  0
| 102|0x0000000712200000, 0x0000000712200000, 0x0000000712400000|  0%| F|  |TAMS 0x0000000712200000| PB 0x0000000712200000| Untracked |  0
| 103|0x0000000712400000, 0x0000000712400000, 0x0000000712600000|  0%| F|  |TAMS 0x0000000712400000| PB 0x0000000712400000| Untracked |  0
| 104|0x0000000712600000, 0x0000000712600000, 0x0000000712800000|  0%| F|  |TAMS 0x0000000712600000| PB 0x0000000712600000| Untracked |  0
| 105|0x0000000712800000, 0x0000000712800000, 0x0000000712a00000|  0%| F|  |TAMS 0x0000000712800000| PB 0x0000000712800000| Untracked |  0
| 106|0x0000000712a00000, 0x0000000712a00000, 0x0000000712c00000|  0%| F|  |TAMS 0x0000000712a00000| PB 0x0000000712a00000| Untracked |  0
| 107|0x0000000712c00000, 0x0000000712c00000, 0x0000000712e00000|  0%| F|  |TAMS 0x0000000712c00000| PB 0x0000000712c00000| Untracked |  0
| 108|0x0000000712e00000, 0x0000000712e00000, 0x0000000713000000|  0%| F|  |TAMS 0x0000000712e00000| PB 0x0000000712e00000| Untracked |  0
| 109|0x0000000713000000, 0x0000000713200000, 0x0000000713200000|100%| S|CS|TAMS 0x0000000713000000| PB 0x0000000713000000| Complete |  1
| 110|0x0000000713200000, 0x0000000713400000, 0x0000000713400000|100%| S|CS|TAMS 0x0000000713200000| PB 0x0000000713200000| Complete |  0
| 111|0x0000000713400000, 0x0000000713500768, 0x0000000713600000| 50%| E|  |TAMS 0x0000000713400000| PB 0x0000000713400000| Complete |  0
| 112|0x0000000713600000, 0x0000000713800000, 0x0000000713800000|100%| E|  |TAMS 0x0000000713600000| PB 0x0000000713600000| Complete |  0
| 113|0x0000000713800000, 0x0000000713a00000, 0x0000000713a00000|100%| E|CS|TAMS 0x0000000713800000| PB 0x0000000713800000| Complete |  0
| 114|0x0000000713a00000, 0x0000000713c00000, 0x0000000713c00000|100%| E|CS|TAMS 0x0000000713a00000| PB 0x0000000713a00000| Complete |  0
| 115|0x0000000713c00000, 0x0000000713e00000, 0x0000000713e00000|100%| E|CS|TAMS 0x0000000713c00000| PB 0x0000000713c00000| Complete |  0
| 116|0x0000000713e00000, 0x0000000714000000, 0x0000000714000000|100%| E|CS|TAMS 0x0000000713e00000| PB 0x0000000713e00000| Complete |  0
| 117|0x0000000714000000, 0x0000000714200000, 0x0000000714200000|100%| E|CS|TAMS 0x0000000714000000| PB 0x0000000714000000| Complete |  0
| 118|0x0000000714200000, 0x0000000714400000, 0x0000000714400000|100%| E|CS|TAMS 0x0000000714200000| PB 0x0000000714200000| Complete |  0
| 119|0x0000000714400000, 0x0000000714600000, 0x0000000714600000|100%| E|CS|TAMS 0x0000000714400000| PB 0x0000000714400000| Complete |  0
| 120|0x0000000714600000, 0x0000000714800000, 0x0000000714800000|100%| E|CS|TAMS 0x0000000714600000| PB 0x0000000714600000| Complete |  0
| 121|0x0000000714800000, 0x0000000714a00000, 0x0000000714a00000|100%| E|CS|TAMS 0x0000000714800000| PB 0x0000000714800000| Complete |  0
| 122|0x0000000714a00000, 0x0000000714c00000, 0x0000000714c00000|100%| E|CS|TAMS 0x0000000714a00000| PB 0x0000000714a00000| Complete |  0
| 123|0x0000000714c00000, 0x0000000714e00000, 0x0000000714e00000|100%| E|CS|TAMS 0x0000000714c00000| PB 0x0000000714c00000| Complete |  0
| 124|0x0000000714e00000, 0x0000000715000000, 0x0000000715000000|100%| E|CS|TAMS 0x0000000714e00000| PB 0x0000000714e00000| Complete |  0
| 125|0x0000000715000000, 0x0000000715200000, 0x0000000715200000|100%| E|CS|TAMS 0x0000000715000000| PB 0x0000000715000000| Complete |  0

Card table byte_map: [0x0000029f63700000,0x0000029f63ee0000] _byte_map_base: 0x0000029f5fed5000

Marking Bits: (CMBitMap*) 0x0000029f4b5f36e0
 Bits: [0x0000029f63ee0000, 0x0000029f67d88000)

Polling page: 0x0000029f49360000

Metaspace:

Usage:
  Non-class:     13.12 MB used.
      Class:      2.42 MB used.
       Both:     15.54 MB used.

Virtual space:
  Non-class space:       64.00 MB reserved,      13.31 MB ( 21%) committed,  1 nodes.
      Class space:        1.00 GB reserved,       2.62 MB ( <1%) committed,  1 nodes.
             Both:        1.06 GB reserved,      15.94 MB (  1%) committed. 

Chunk freelists:
   Non-Class:  2.61 MB
       Class:  13.37 MB
        Both:  15.98 MB

MaxMetaspaceSize: unlimited
CompressedClassSpaceSize: 1.00 GB
Initial GC threshold: 21.00 MB
Current GC threshold: 21.00 MB
CDS: on
 - commit_granule_bytes: 65536.
 - commit_granule_words: 8192.
 - virtual_space_node_default_size: 8388608.
 - enlarge_chunks_in_place: 1.
 - use_allocation_guard: 0.


Internal statistics:

num_allocs_failed_limit: 0.
num_arena_births: 382.
num_arena_deaths: 0.
num_vsnodes_births: 2.
num_vsnodes_deaths: 0.
num_space_committed: 255.
num_space_uncommitted: 0.
num_chunks_returned_to_freelist: 0.
num_chunks_taken_from_freelist: 894.
num_chunk_merges: 0.
num_chunk_splits: 617.
num_chunks_enlarged: 457.
num_inconsistent_stats: 0.

CodeHeap 'non-profiled nmethods': size=120064Kb used=832Kb max_used=832Kb free=119231Kb
 bounds [0x0000029f5b9e0000, 0x0000029f5bc50000, 0x0000029f62f20000]
CodeHeap 'profiled nmethods': size=120000Kb used=3623Kb max_used=3623Kb free=116376Kb
 bounds [0x0000029f53f20000, 0x0000029f542b0000, 0x0000029f5b450000]
CodeHeap 'non-nmethods': size=5696Kb used=1755Kb max_used=1769Kb free=3940Kb
 bounds [0x0000029f5b450000, 0x0000029f5b6c0000, 0x0000029f5b9e0000]
CodeCache: size=245760Kb, used=6210Kb, max_used=6224Kb, free=239547Kb
 total_blobs=3464, nmethods=2662, adapters=707, full_count=0
Compilation: enabled, stopped_count=0, restarted_count=0

Compilation events (20 events):
Event: 9.326 Thread 0x0000029f450317a0 2571       1       com.sun.prism.d3d.D3DContext::getContextHandle (5 bytes)
Event: 9.326 Thread 0x0000029f450317a0 nmethod 2571 0x0000029f5baa4c08 code [0x0000029f5baa4d20, 0x0000029f5baa4df0]
Event: 9.326 Thread 0x0000029f450317a0 2572       1       com.sun.prism.paint.Paint::getType (5 bytes)
Event: 9.327 Thread 0x0000029f450317a0 nmethod 2572 0x0000029f5baa4f08 code [0x0000029f5baa5020, 0x0000029f5baa50f0]
Event: 9.327 Thread 0x0000029f450317a0 2573       3       com.sun.javafx.geom.transform.GeneralTransform3D::get (34 bytes)
Event: 9.327 Thread 0x0000029f450317a0 nmethod 2573 0x0000029f54298188 code [0x0000029f542982a0, 0x0000029f542983f0]
Event: 9.327 Thread 0x0000029f450317a0 2575       3       com.sun.prism.impl.ManagedResource::getResource (9 bytes)
Event: 9.328 Thread 0x0000029f450317a0 nmethod 2575 0x0000029f54298488 code [0x0000029f542985c0, 0x0000029f54298848]
Event: 9.328 Thread 0x0000029f450317a0 2574       1       com.sun.prism.d3d.D3DResource$D3DRecord::getContext (5 bytes)
Event: 9.328 Thread 0x0000029f450317a0 nmethod 2574 0x0000029f5baa5208 code [0x0000029f5baa5320, 0x0000029f5baa53f0]
Event: 9.329 Thread 0x0000029f450317a0 2576       3       com.sun.prism.d3d.D3DContext::validate (45 bytes)
Event: 9.329 Thread 0x0000029f450317a0 nmethod 2576 0x0000029f54298888 code [0x0000029f542989a0, 0x0000029f54298a98]
Event: 9.329 Thread 0x0000029f450317a0 2577       3       java.lang.Math::round (56 bytes)
Event: 9.330 Thread 0x0000029f450317a0 nmethod 2577 0x0000029f54298b88 code [0x0000029f54298ca0, 0x0000029f54298e78]
Event: 9.330 Thread 0x0000029f450317a0 2578       3       com.sun.javafx.geom.Point2D::setLocation (11 bytes)
Event: 9.331 Thread 0x0000029f450317a0 nmethod 2578 0x0000029f54298f08 code [0x0000029f54299020, 0x0000029f54299138]
Event: 9.331 Thread 0x0000029f450317a0 2579       3       com.sun.javafx.text.TextRun::getGlyphCode (46 bytes)
Event: 9.331 Thread 0x0000029f450317a0 nmethod 2579 0x0000029f54299208 code [0x0000029f54299340, 0x0000029f54299598]
Event: 9.331 Thread 0x0000029f450317a0 2580       3       java.lang.Math::abs (11 bytes)
Event: 9.331 Thread 0x0000029f450317a0 nmethod 2580 0x0000029f54299608 code [0x0000029f54299720, 0x0000029f54299848]

GC Heap History (6 events):
Event: 1.832 GC heap before
{Heap before GC invocations=0 (full 0):
 garbage-first heap   total reserved 4106240K, committed 258048K, used 14336K [0x0000000705600000, 0x0000000800000000)
  region size 2048K, 7 young (14336K), 0 survivors (0K)
 Metaspace       used 1035K, committed 1216K, reserved 1114112K
  class space    used 81K, committed 192K, reserved 1048576K
}
Event: 1.836 GC heap after
{Heap after GC invocations=1 (full 0):
 garbage-first heap   total reserved 4106240K, committed 258048K, used 1535K [0x0000000705600000, 0x0000000800000000)
  region size 2048K, 1 young (2048K), 1 survivors (2048K)
 Metaspace       used 1035K, committed 1216K, reserved 1114112K
  class space    used 81K, committed 192K, reserved 1048576K
}
Event: 4.370 GC heap before
{Heap before GC invocations=1 (full 0):
 garbage-first heap   total reserved 4106240K, committed 258048K, used 13823K [0x0000000705600000, 0x0000000800000000)
  region size 2048K, 8 young (16384K), 1 survivors (2048K)
 Metaspace       used 4930K, committed 5184K, reserved 1114112K
  class space    used 553K, committed 640K, reserved 1048576K
}
Event: 4.377 GC heap after
{Heap after GC invocations=2 (full 0):
 garbage-first heap   total reserved 4106240K, committed 258048K, used 3463K [0x0000000705600000, 0x0000000800000000)
  region size 2048K, 1 young (2048K), 1 survivors (2048K)
 Metaspace       used 4930K, committed 5184K, reserved 1114112K
  class space    used 553K, committed 640K, reserved 1048576K
}
Event: 6.675 GC heap before
{Heap before GC invocations=2 (full 0):
 garbage-first heap   total reserved 4106240K, committed 258048K, used 30087K [0x0000000705600000, 0x0000000800000000)
  region size 2048K, 15 young (30720K), 1 survivors (2048K)
 Metaspace       used 10919K, committed 11200K, reserved 1114112K
  class space    used 1540K, committed 1664K, reserved 1048576K
}
Event: 6.684 GC heap after
{Heap after GC invocations=3 (full 0):
 garbage-first heap   total reserved 4106240K, committed 258048K, used 6983K [0x0000000705600000, 0x0000000800000000)
  region size 2048K, 2 young (4096K), 2 survivors (4096K)
 Metaspace       used 10919K, committed 11200K, reserved 1114112K
  class space    used 1540K, committed 1664K, reserved 1048576K
}

Dll operation events (20 events):
Event: 3.092 Loaded shared library C:\Users\jorge\.openjfx\cache\21.0.6+3\amd64\api-ms-win-crt-locale-l1-1-0.dll
Event: 3.100 Loaded shared library C:\Users\jorge\.openjfx\cache\21.0.6+3\amd64\api-ms-win-crt-math-l1-1-0.dll
Event: 3.108 Loaded shared library C:\Users\jorge\.openjfx\cache\21.0.6+3\amd64\api-ms-win-crt-multibyte-l1-1-0.dll
Event: 3.118 Loaded shared library C:\Users\jorge\.openjfx\cache\21.0.6+3\amd64\api-ms-win-crt-private-l1-1-0.dll
Event: 3.131 Loaded shared library C:\Users\jorge\.openjfx\cache\21.0.6+3\amd64\api-ms-win-crt-process-l1-1-0.dll
Event: 3.142 Loaded shared library C:\Users\jorge\.openjfx\cache\21.0.6+3\amd64\api-ms-win-crt-runtime-l1-1-0.dll
Event: 3.158 Loaded shared library C:\Users\jorge\.openjfx\cache\21.0.6+3\amd64\api-ms-win-crt-stdio-l1-1-0.dll
Event: 3.167 Loaded shared library C:\Users\jorge\.openjfx\cache\21.0.6+3\amd64\api-ms-win-crt-string-l1-1-0.dll
Event: 3.175 Loaded shared library C:\Users\jorge\.openjfx\cache\21.0.6+3\amd64\api-ms-win-crt-time-l1-1-0.dll
Event: 3.184 Loaded shared library C:\Users\jorge\.openjfx\cache\21.0.6+3\amd64\api-ms-win-crt-utility-l1-1-0.dll
Event: 3.276 Loaded shared library C:\Users\jorge\.openjfx\cache\21.0.6+3\amd64\ucrtbase.dll
Event: 3.320 Loaded shared library C:\Users\jorge\.openjfx\cache\21.0.6+3\amd64\vcruntime140.dll
Event: 3.330 Loaded shared library C:\Users\jorge\.openjfx\cache\21.0.6+3\amd64\vcruntime140_1.dll
Event: 3.366 Loaded shared library C:\Users\jorge\.openjfx\cache\21.0.6+3\amd64\msvcp140.dll
Event: 3.383 Loaded shared library C:\Users\jorge\.openjfx\cache\21.0.6+3\amd64\msvcp140_1.dll
Event: 3.405 Loaded shared library C:\Users\jorge\.openjfx\cache\21.0.6+3\amd64\msvcp140_2.dll
Event: 3.549 Loaded shared library C:\Users\jorge\.openjfx\cache\21.0.6+3\amd64\prism_d3d.dll
Event: 3.891 Loaded shared library C:\Users\jorge\.openjfx\cache\21.0.6+3\amd64\glass.dll
Event: 4.455 Loaded shared library C:\Users\jorge\.jdks\corretto-23.0.2\bin\jimage.dll
Event: 5.298 Loaded shared library C:\Users\jorge\.openjfx\cache\21.0.6+3\amd64\javafx_font.dll

Deoptimization events (20 events):
Event: 8.358 Thread 0x0000029f461a0f20 Uncommon trap: trap_request=0xffffff45 fr.pc=0x0000029f5ba7376c relative=0x000000000000006c
Event: 8.358 Thread 0x0000029f461a0f20 Uncommon trap: reason=unstable_if action=reinterpret pc=0x0000029f5ba7376c method=java.util.Objects.equals(Ljava/lang/Object;Ljava/lang/Object;)Z @ 6 c2
Event: 8.358 Thread 0x0000029f461a0f20 DEOPT PACKING pc=0x0000029f5ba7376c sp=0x000000dcf2dfcf30
Event: 8.358 Thread 0x0000029f461a0f20 DEOPT UNPACKING pc=0x0000029f5b4a4402 sp=0x000000dcf2dfced0 mode 2
Event: 8.427 Thread 0x0000029f461a0f20 Uncommon trap: trap_request=0xffffff45 fr.pc=0x0000029f5ba292c8 relative=0x0000000000000148
Event: 8.427 Thread 0x0000029f461a0f20 Uncommon trap: reason=unstable_if action=reinterpret pc=0x0000029f5ba292c8 method=java.lang.String.indexOf(I)I @ 4 c2
Event: 8.427 Thread 0x0000029f461a0f20 DEOPT PACKING pc=0x0000029f5ba292c8 sp=0x000000dcf2dfcc30
Event: 8.427 Thread 0x0000029f461a0f20 DEOPT UNPACKING pc=0x0000029f5b4a4402 sp=0x000000dcf2dfcbd0 mode 2
Event: 8.958 Thread 0x0000029f45ae0e30 Uncommon trap: trap_request=0xffffffde fr.pc=0x0000029f5ba5c6c8 relative=0x0000000000000608
Event: 8.958 Thread 0x0000029f45ae0e30 Uncommon trap: reason=class_check action=maybe_recompile pc=0x0000029f5ba5c6c8 method=java.io.BufferedInputStream.implRead([BII)I @ 100 c2
Event: 8.958 Thread 0x0000029f45ae0e30 DEOPT PACKING pc=0x0000029f5ba5c6c8 sp=0x000000dcf26fe040
Event: 8.958 Thread 0x0000029f45ae0e30 DEOPT UNPACKING pc=0x0000029f5b4a4402 sp=0x000000dcf26fe018 mode 2
Event: 8.958 Thread 0x0000029f45ae0e30 Uncommon trap: trap_request=0xffffff45 fr.pc=0x0000029f5ba5ba84 relative=0x0000000000000084
Event: 8.958 Thread 0x0000029f45ae0e30 Uncommon trap: reason=unstable_if action=reinterpret pc=0x0000029f5ba5ba84 method=java.io.BufferedInputStream.getBufIfOpen(Z)[B @ 13 c2
Event: 8.958 Thread 0x0000029f45ae0e30 DEOPT PACKING pc=0x0000029f5ba5ba84 sp=0x000000dcf26fdf50
Event: 8.958 Thread 0x0000029f45ae0e30 DEOPT UNPACKING pc=0x0000029f5b4a4402 sp=0x000000dcf26fded0 mode 2
Event: 8.958 Thread 0x0000029f45ae0e30 Uncommon trap: trap_request=0xffffff45 fr.pc=0x0000029f5ba5c54c relative=0x000000000000048c
Event: 8.958 Thread 0x0000029f45ae0e30 Uncommon trap: reason=unstable_if action=reinterpret pc=0x0000029f5ba5c54c method=java.io.BufferedInputStream.implRead([BII)I @ 55 c2
Event: 8.958 Thread 0x0000029f45ae0e30 DEOPT PACKING pc=0x0000029f5ba5c54c sp=0x000000dcf26fe040
Event: 8.958 Thread 0x0000029f45ae0e30 DEOPT UNPACKING pc=0x0000029f5b4a4402 sp=0x000000dcf26fe018 mode 2

Classes loaded (20 events):
Event: 8.888 Loading class java/util/concurrent/ConcurrentLinkedQueue
Event: 8.889 Loading class java/util/concurrent/ConcurrentLinkedQueue done
Event: 8.889 Loading class java/util/concurrent/ConcurrentLinkedQueue$Node
Event: 8.889 Loading class java/util/concurrent/ConcurrentLinkedQueue$Node done
Event: 9.033 Loading class java/nio/ShortBuffer
Event: 9.035 Loading class java/nio/ShortBuffer done
Event: 9.035 Loading class java/nio/FloatBuffer
Event: 9.037 Loading class java/nio/FloatBuffer done
Event: 9.037 Loading class java/nio/DoubleBuffer
Event: 9.038 Loading class java/nio/DoubleBuffer done
Event: 9.039 Loading class java/nio/DirectFloatBufferU
Event: 9.039 Loading class java/nio/DirectFloatBufferU done
Event: 9.092 Loading class jdk/internal/ref/CleanerImpl$InnocuousThreadFactory
Event: 9.093 Loading class jdk/internal/ref/CleanerImpl$InnocuousThreadFactory done
Event: 9.120 Loading class sun/misc/Unsafe
Event: 9.121 Loading class sun/misc/Unsafe done
Event: 9.121 Loading class sun/misc/Unsafe$MemoryAccessOption
Event: 9.122 Loading class sun/misc/Unsafe$MemoryAccessOption done
Event: 9.123 Loading class java/lang/invoke/DirectMethodHandle$StaticAccessor
Event: 9.123 Loading class java/lang/invoke/DirectMethodHandle$StaticAccessor done

Classes unloaded (0 events):
No events

Classes redefined (0 events):
No events

Internal exceptions (20 events):
Event: 6.542 Thread 0x0000029f461a0f20 Exception <a 'sun/nio/fs/WindowsException'{0x000000071374ca38}> (0x000000071374ca38) 
thrown [s\src\hotspot\share\prims\jni.cpp, line 520]
Event: 6.590 Thread 0x0000029f461a0f20 Implicit null exception at 0x0000029f5b9fd619 to 0x0000029f5b9fd940
Event: 7.070 Thread 0x0000029f461a0f20 Exception <a 'java/lang/IncompatibleClassChangeError'{0x0000000714bbc908}: Found class java.lang.Object, but interface was expected> (0x0000000714bbc908) 
thrown [s\src\hotspot\share\interpreter\linkResolver.cpp, line 863]
Event: 7.254 Thread 0x0000029f461a0f20 Exception <a 'java/lang/ClassNotFoundException'{0x0000000714715258}: com/sun/javafx/scene/control/skin/resources/controls> (0x0000000714715258) 
thrown [s\src\hotspot\share\prims\jni.cpp, line 539]
Event: 7.256 Thread 0x0000029f461a0f20 Exception <a 'java/lang/ClassNotFoundException'{0x00000007147236a0}: com/sun/javafx/scene/control/skin/resources/controls_es> (0x00000007147236a0) 
thrown [s\src\hotspot\share\prims\jni.cpp, line 539]
Event: 7.258 Thread 0x0000029f461a0f20 Exception <a 'java/lang/ClassNotFoundException'{0x00000007147310c8}: com/sun/javafx/scene/control/skin/resources/controls_es_US> (0x00000007147310c8) 
thrown [s\src\hotspot\share\prims\jni.cpp, line 539]
Event: 7.362 Thread 0x0000029f461a0f20 Exception <a 'java/lang/NoSuchMethodError'{0x00000007144fb540}: 'void java.lang.invoke.DirectMethodHandle$Holder.invokeSpecial(java.lang.Object, java.lang.Object, java.lang.Object, java.lang.Object, java.lang.Object, java.lang.Object)'> (0x00000007144fb540) 
thrown [s\src\hotspot\share\interpreter\linkResolver.cpp, line 796]
Event: 8.092 Thread 0x0000029f461a0f20 Exception <a 'java/io/FileNotFoundException'{0x0000000713f47358}> (0x0000000713f47358) 
thrown [s\src\hotspot\share\prims\jni.cpp, line 520]
Event: 8.225 Thread 0x0000029f461a0f20 Exception <a 'java/io/FileNotFoundException'{0x0000000713ff1cc8}> (0x0000000713ff1cc8) 
thrown [s\src\hotspot\share\prims\jni.cpp, line 520]
Event: 8.226 Thread 0x0000029f461a0f20 Exception <a 'java/io/FileNotFoundException'{0x0000000713ffc960}> (0x0000000713ffc960) 
thrown [s\src\hotspot\share\prims\jni.cpp, line 520]
Event: 8.234 Thread 0x0000029f461a0f20 Exception <a 'java/io/FileNotFoundException'{0x0000000713c220d8}> (0x0000000713c220d8) 
thrown [s\src\hotspot\share\prims\jni.cpp, line 520]
Event: 8.235 Thread 0x0000029f461a0f20 Exception <a 'java/io/FileNotFoundException'{0x0000000713c23778}> (0x0000000713c23778) 
thrown [s\src\hotspot\share\prims\jni.cpp, line 520]
Event: 8.271 Thread 0x0000029f461a0f20 Exception <a 'java/lang/NoSuchMethodError'{0x0000000713d221f0}: 'int java.lang.invoke.DirectMethodHandle$Holder.invokeSpecial(java.lang.Object, java.lang.Object, int)'> (0x0000000713d221f0) 
thrown [s\src\hotspot\share\interpreter\linkResolver.cpp, line 796]
Event: 8.623 Thread 0x0000029f461a0f20 Exception <a 'java/lang/NoSuchMethodError'{0x0000000713de9ae8}: 'java.lang.Object java.lang.invoke.DirectMethodHandle$Holder.newInvokeSpecial(java.lang.Object, java.lang.Object, int)'> (0x0000000713de9ae8) 
thrown [s\src\hotspot\share\interpreter\linkResolver.cpp, line 796]
Event: 8.877 Thread 0x0000029f45ae0e30 Exception <a 'java/lang/NoSuchMethodError'{0x0000000713b54578}: 'int java.lang.invoke.DirectMethodHandle$Holder.invokeStaticInit(java.lang.Object, java.lang.Object)'> (0x0000000713b54578) 
thrown [s\src\hotspot\share\interpreter\linkResolver.cpp, line 796]
Event: 8.891 Thread 0x0000029f461a0f20 Exception <a 'java/lang/NoSuchMethodError'{0x0000000713b301a0}: 'long java.lang.invoke.DirectMethodHandle$Holder.invokeStatic(java.lang.Object, java.lang.Object, java.lang.Object)'> (0x0000000713b301a0) 
thrown [s\src\hotspot\share\interpreter\linkResolver.cpp, line 796]
Event: 8.892 Thread 0x0000029f461a0f20 Exception <a 'java/lang/NoSuchMethodError'{0x0000000713b335b8}: 'long java.lang.invoke.DirectMethodHandle$Holder.invokeStaticInit(java.lang.Object, java.lang.Object, java.lang.Object)'> (0x0000000713b335b8) 
thrown [s\src\hotspot\share\interpreter\linkResolver.cpp, line 796]
Event: 8.907 Thread 0x0000029f461a0f20 Exception <a 'java/lang/NoSuchMethodError'{0x0000000713b88e80}: 'java.lang.Object java.lang.invoke.DirectMethodHandle$Holder.newInvokeSpecial(java.lang.Object, java.lang.Object, long)'> (0x0000000713b88e80) 
thrown [s\src\hotspot\share\interpreter\linkResolver.cpp, line 796]
Event: 8.908 Thread 0x0000029f461a0f20 Exception <a 'java/lang/NoSuchMethodError'{0x0000000713b8c7e0}: 'java.lang.Object java.lang.invoke.Invokers$Holder.linkToTargetMethod(java.lang.Object, long, java.lang.Object)'> (0x0000000713b8c7e0) 
thrown [s\src\hotspot\share\interpreter\linkResolver.cpp, line 796]
Event: 9.350 Thread 0x0000029f45ae0e30 Exception <a 'java/lang/NoSuchMethodError'{0x00000007137e3d68}: 'java.lang.Object java.lang.invoke.DirectMethodHandle$Holder.invokeStaticInit(java.lang.Object, int)'> (0x00000007137e3d68) 
thrown [s\src\hotspot\share\interpreter\linkResolver.cpp, line 796]

VM Operations (20 events):
Event: 4.370 Executing VM operation: G1CollectForAllocation (G1 Evacuation Pause)
Event: 4.377 Executing VM operation: G1CollectForAllocation (G1 Evacuation Pause) done
Event: 4.591 Executing VM operation: HandshakeAllThreads (Deoptimize)
Event: 4.591 Executing VM operation: HandshakeAllThreads (Deoptimize) done
Event: 4.721 Executing VM operation: HandshakeAllThreads (Deoptimize)
Event: 4.721 Executing VM operation: HandshakeAllThreads (Deoptimize) done
Event: 5.309 Executing VM operation: HandshakeAllThreads (Deoptimize)
Event: 5.309 Executing VM operation: HandshakeAllThreads (Deoptimize) done
Event: 5.573 Executing VM operation: HandshakeAllThreads (Deoptimize)
Event: 5.573 Executing VM operation: HandshakeAllThreads (Deoptimize) done
Event: 5.600 Executing VM operation: HandshakeAllThreads (Deoptimize)
Event: 5.600 Executing VM operation: HandshakeAllThreads (Deoptimize) done
Event: 6.503 Executing VM operation: HandshakeAllThreads (Deoptimize)
Event: 6.503 Executing VM operation: HandshakeAllThreads (Deoptimize) done
Event: 6.675 Executing VM operation: G1CollectForAllocation (G1 Evacuation Pause)
Event: 6.685 Executing VM operation: G1CollectForAllocation (G1 Evacuation Pause) done
Event: 7.359 Executing VM operation: HandshakeAllThreads (Deoptimize)
Event: 7.359 Executing VM operation: HandshakeAllThreads (Deoptimize) done
Event: 8.277 Executing VM operation: HandshakeAllThreads (Deoptimize)
Event: 8.277 Executing VM operation: HandshakeAllThreads (Deoptimize) done

Memory protections (0 events):
No events

Nmethod flushes (0 events):
No events

Events (20 events):
Event: 0.433 Thread 0x0000029f4b588d10 Thread added: 0x0000029f450f9af0
Event: 0.912 Thread 0x0000029f450317a0 Thread added: 0x0000029f4520ce20
Event: 1.273 Thread 0x0000029f4520ce20 Thread exited: 0x0000029f4520ce20
Event: 1.350 Thread 0x0000029f450317a0 Thread added: 0x0000029f45351570
Event: 1.539 Thread 0x0000029f45351570 Thread exited: 0x0000029f45351570
Event: 1.742 Thread 0x0000029f450317a0 Thread added: 0x0000029f453bcdc0
Event: 1.874 Thread 0x0000029f4b588d10 Thread added: 0x0000029f453712d0
Event: 1.874 Thread 0x0000029f4b588d10 Thread added: 0x0000029f453d54d0
Event: 2.393 Thread 0x0000029f453bcdc0 Thread exited: 0x0000029f453bcdc0
Event: 3.508 Thread 0x0000029f4b588d10 Thread added: 0x0000029f45ae0e30
Event: 3.897 Thread 0x0000029f4b588d10 Thread added: 0x0000029f461b1e00
Event: 3.908 Thread 0x0000029f4b588d10 Thread added: 0x0000029f461a0f20
Event: 4.279 Thread 0x0000029f466a9cd0 Thread added: 0x0000029f466a9cd0
Event: 4.362 Thread 0x0000029f4b588d10 Thread added: 0x0000029f4670ab00
Event: 5.348 Thread 0x0000029f6a08d0c0 Thread added: 0x0000029f467e9990
Event: 5.691 Thread 0x0000029f467e9990 Thread exited: 0x0000029f467e9990
Event: 7.052 Thread 0x0000029f461a0f20 Thread added: 0x0000029f450c72c0
Event: 7.157 Thread 0x0000029f450317a0 Thread added: 0x0000029f469fc100
Event: 7.725 Thread 0x0000029f469fc100 Thread exited: 0x0000029f469fc100
Event: 9.093 Thread 0x0000029f45ae0e30 Thread added: 0x0000029f450c7fe0


Dynamic libraries:
0x00007ff7cef30000 - 0x00007ff7cef3e000 	C:\Users\jorge\.jdks\corretto-23.0.2\bin\java.exe
0x00007ffbafba0000 - 0x00007ffbafe09000 	C:\WINDOWS\SYSTEM32\ntdll.dll
0x00007ffbadbb0000 - 0x00007ffbadc79000 	C:\WINDOWS\System32\KERNEL32.DLL
0x00007ffbacdf0000 - 0x00007ffbad1e3000 	C:\WINDOWS\System32\KERNELBASE.dll
0x00007ffbad6f0000 - 0x00007ffbad83b000 	C:\WINDOWS\System32\ucrtbase.dll
0x00007ffb9db70000 - 0x00007ffb9db87000 	C:\Users\jorge\.jdks\corretto-23.0.2\bin\jli.dll
0x00007ffb8e850000 - 0x00007ffb8e86b000 	C:\Users\jorge\.jdks\corretto-23.0.2\bin\VCRUNTIME140.dll
0x00007ffbad9d0000 - 0x00007ffbadb94000 	C:\WINDOWS\System32\USER32.dll
0x00007ffbad540000 - 0x00007ffbad567000 	C:\WINDOWS\System32\win32u.dll
0x00007ffbae8a0000 - 0x00007ffbae8cb000 	C:\WINDOWS\System32\GDI32.dll
0x00007ffb90ea0000 - 0x00007ffb91133000 	C:\WINDOWS\WinSxS\amd64_microsoft.windows.common-controls_6595b64144ccf1df_6.0.26100.5074_none_3e0d6f78e32fd63f\COMCTL32.dll
0x00007ffbad840000 - 0x00007ffbad96d000 	C:\WINDOWS\System32\gdi32full.dll
0x00007ffbae8e0000 - 0x00007ffbae989000 	C:\WINDOWS\System32\msvcrt.dll
0x00007ffbad290000 - 0x00007ffbad333000 	C:\WINDOWS\System32\msvcp_win.dll
0x00007ffbaf520000 - 0x00007ffbaf54f000 	C:\WINDOWS\System32\IMM32.DLL
0x00007ffba4b10000 - 0x00007ffba4b1c000 	C:\Users\jorge\.jdks\corretto-23.0.2\bin\vcruntime140_1.dll
0x00007ffb6c500000 - 0x00007ffb6c58d000 	C:\Users\jorge\.jdks\corretto-23.0.2\bin\msvcp140.dll
0x00007ffb3c390000 - 0x00007ffb3d168000 	C:\Users\jorge\.jdks\corretto-23.0.2\bin\server\jvm.dll
0x00007ffbaf560000 - 0x00007ffbaf614000 	C:\WINDOWS\System32\ADVAPI32.dll
0x00007ffbaeee0000 - 0x00007ffbaef86000 	C:\WINDOWS\System32\sechost.dll
0x00007ffbae6f0000 - 0x00007ffbae808000 	C:\WINDOWS\System32\RPCRT4.dll
0x00007ffbae5b0000 - 0x00007ffbae624000 	C:\WINDOWS\System32\WS2_32.dll
0x00007ffbacbb0000 - 0x00007ffbacc0e000 	C:\WINDOWS\SYSTEM32\POWRPROF.dll
0x00007ffba6f60000 - 0x00007ffba6f95000 	C:\WINDOWS\SYSTEM32\WINMM.dll
0x00007ffb947f0000 - 0x00007ffb947fb000 	C:\WINDOWS\SYSTEM32\VERSION.dll
0x00007ffbacb70000 - 0x00007ffbacb84000 	C:\WINDOWS\SYSTEM32\UMPDC.dll
0x00007ffbabb10000 - 0x00007ffbabb2b000 	C:\WINDOWS\SYSTEM32\kernel.appcore.dll
0x00007ffba4a00000 - 0x00007ffba4a0a000 	C:\Users\jorge\.jdks\corretto-23.0.2\bin\jimage.dll
0x00007ffbaa460000 - 0x00007ffbaa6a2000 	C:\WINDOWS\SYSTEM32\DBGHELP.DLL
0x00007ffbaf620000 - 0x00007ffbaf99b000 	C:\WINDOWS\System32\combase.dll
0x00007ffbae4d0000 - 0x00007ffbae5a7000 	C:\WINDOWS\System32\OLEAUT32.dll
0x00007ffb857f0000 - 0x00007ffb8582d000 	C:\WINDOWS\SYSTEM32\dbgcore.DLL
0x00007ffbad1f0000 - 0x00007ffbad289000 	C:\WINDOWS\System32\bcryptPrimitives.dll
0x00007ffba49d0000 - 0x00007ffba49de000 	C:\Users\jorge\.jdks\corretto-23.0.2\bin\instrument.dll
0x00007ffb8e0d0000 - 0x00007ffb8e0ee000 	C:\Users\jorge\.jdks\corretto-23.0.2\bin\java.dll
0x00007ffbaefb0000 - 0x00007ffbaf148000 	C:\WINDOWS\System32\ole32.dll
0x00007ffbadd80000 - 0x00007ffbae4cd000 	C:\WINDOWS\System32\SHELL32.dll
0x00007ffbad340000 - 0x00007ffbad4ac000 	C:\WINDOWS\System32\wintypes.dll
0x00007ffbaa960000 - 0x00007ffbab1b9000 	C:\WINDOWS\SYSTEM32\windows.storage.dll
0x00007ffbadc80000 - 0x00007ffbadd70000 	C:\WINDOWS\System32\SHCORE.dll
0x00007ffbaee20000 - 0x00007ffbaee82000 	C:\WINDOWS\System32\shlwapi.dll
0x00007ffbacc50000 - 0x00007ffbacc79000 	C:\WINDOWS\SYSTEM32\profapi.dll
0x00007ffb6c420000 - 0x00007ffb6c4f7000 	C:\Users\jorge\.jdks\corretto-23.0.2\bin\jsvml.dll
0x00007ffb9d6d0000 - 0x00007ffb9d6e0000 	C:\Users\jorge\.jdks\corretto-23.0.2\bin\net.dll
0x00007ffbac090000 - 0x00007ffbac0fb000 	C:\WINDOWS\system32\mswsock.dll
0x00007ffb8e0b0000 - 0x00007ffb8e0c6000 	C:\Users\jorge\.jdks\corretto-23.0.2\bin\nio.dll
0x00007ffb6d000000 - 0x00007ffb6d017000 	C:\Users\jorge\.jdks\corretto-23.0.2\bin\zip.dll
0x0000029f45c10000 - 0x0000029f45c13000 	C:\Users\jorge\.openjfx\cache\21.0.6+3\amd64\api-ms-win-core-console-l1-1-0.dll
0x0000029f45c20000 - 0x0000029f45c23000 	C:\Users\jorge\.openjfx\cache\21.0.6+3\amd64\api-ms-win-core-console-l1-2-0.dll
0x0000029f45c30000 - 0x0000029f45c33000 	C:\Users\jorge\.openjfx\cache\21.0.6+3\amd64\api-ms-win-core-datetime-l1-1-0.dll
0x0000029f45c40000 - 0x0000029f45c43000 	C:\Users\jorge\.openjfx\cache\21.0.6+3\amd64\api-ms-win-core-debug-l1-1-0.dll
0x0000029f45c50000 - 0x0000029f45c53000 	C:\Users\jorge\.openjfx\cache\21.0.6+3\amd64\api-ms-win-core-errorhandling-l1-1-0.dll
0x0000029f45c60000 - 0x0000029f45c64000 	C:\Users\jorge\.openjfx\cache\21.0.6+3\amd64\api-ms-win-core-file-l1-1-0.dll
0x0000029f45c70000 - 0x0000029f45c73000 	C:\Users\jorge\.openjfx\cache\21.0.6+3\amd64\api-ms-win-core-file-l1-2-0.dll
0x0000029f45c80000 - 0x0000029f45c83000 	C:\Users\jorge\.openjfx\cache\21.0.6+3\amd64\api-ms-win-core-file-l2-1-0.dll
0x0000029f45c90000 - 0x0000029f45c93000 	C:\Users\jorge\.openjfx\cache\21.0.6+3\amd64\api-ms-win-core-handle-l1-1-0.dll
0x0000029f45ca0000 - 0x0000029f45ca3000 	C:\Users\jorge\.openjfx\cache\21.0.6+3\amd64\api-ms-win-core-heap-l1-1-0.dll
0x0000029f45cb0000 - 0x0000029f45cb3000 	C:\Users\jorge\.openjfx\cache\21.0.6+3\amd64\api-ms-win-core-interlocked-l1-1-0.dll
0x0000029f45cc0000 - 0x0000029f45cc3000 	C:\Users\jorge\.openjfx\cache\21.0.6+3\amd64\api-ms-win-core-libraryloader-l1-1-0.dll
0x0000029f45cd0000 - 0x0000029f45cd3000 	C:\Users\jorge\.openjfx\cache\21.0.6+3\amd64\api-ms-win-core-localization-l1-2-0.dll
0x0000029f45ce0000 - 0x0000029f45ce3000 	C:\Users\jorge\.openjfx\cache\21.0.6+3\amd64\api-ms-win-core-memory-l1-1-0.dll
0x0000029f45cf0000 - 0x0000029f45cf3000 	C:\Users\jorge\.openjfx\cache\21.0.6+3\amd64\api-ms-win-core-namedpipe-l1-1-0.dll
0x0000029f45d00000 - 0x0000029f45d03000 	C:\Users\jorge\.openjfx\cache\21.0.6+3\amd64\api-ms-win-core-processenvironment-l1-1-0.dll
0x0000029f45d10000 - 0x0000029f45d13000 	C:\Users\jorge\.openjfx\cache\21.0.6+3\amd64\api-ms-win-core-processthreads-l1-1-0.dll
0x0000029f45d20000 - 0x0000029f45d23000 	C:\Users\jorge\.openjfx\cache\21.0.6+3\amd64\api-ms-win-core-processthreads-l1-1-1.dll
0x0000029f45d30000 - 0x0000029f45d33000 	C:\Users\jorge\.openjfx\cache\21.0.6+3\amd64\api-ms-win-core-profile-l1-1-0.dll
0x0000029f45d40000 - 0x0000029f45d43000 	C:\Users\jorge\.openjfx\cache\21.0.6+3\amd64\api-ms-win-core-rtlsupport-l1-1-0.dll
0x0000029f45d50000 - 0x0000029f45d53000 	C:\Users\jorge\.openjfx\cache\21.0.6+3\amd64\api-ms-win-core-string-l1-1-0.dll
0x0000029f45d60000 - 0x0000029f45d63000 	C:\Users\jorge\.openjfx\cache\21.0.6+3\amd64\api-ms-win-core-synch-l1-1-0.dll
0x0000029f45d70000 - 0x0000029f45d73000 	C:\Users\jorge\.openjfx\cache\21.0.6+3\amd64\api-ms-win-core-synch-l1-2-0.dll
0x0000029f45d80000 - 0x0000029f45d83000 	C:\Users\jorge\.openjfx\cache\21.0.6+3\amd64\api-ms-win-core-sysinfo-l1-1-0.dll
0x0000029f45d90000 - 0x0000029f45d93000 	C:\Users\jorge\.openjfx\cache\21.0.6+3\amd64\api-ms-win-core-timezone-l1-1-0.dll
0x0000029f45da0000 - 0x0000029f45da3000 	C:\Users\jorge\.openjfx\cache\21.0.6+3\amd64\api-ms-win-core-util-l1-1-0.dll
0x0000029f45db0000 - 0x0000029f45db3000 	C:\Users\jorge\.openjfx\cache\21.0.6+3\amd64\api-ms-win-crt-conio-l1-1-0.dll
0x0000029f45dc0000 - 0x0000029f45dc4000 	C:\Users\jorge\.openjfx\cache\21.0.6+3\amd64\api-ms-win-crt-convert-l1-1-0.dll
0x0000029f45dd0000 - 0x0000029f45dd3000 	C:\Users\jorge\.openjfx\cache\21.0.6+3\amd64\api-ms-win-crt-environment-l1-1-0.dll
0x0000029f45de0000 - 0x0000029f45de3000 	C:\Users\jorge\.openjfx\cache\21.0.6+3\amd64\api-ms-win-crt-filesystem-l1-1-0.dll
0x0000029f45df0000 - 0x0000029f45df3000 	C:\Users\jorge\.openjfx\cache\21.0.6+3\amd64\api-ms-win-crt-heap-l1-1-0.dll
0x0000029f45e00000 - 0x0000029f45e03000 	C:\Users\jorge\.openjfx\cache\21.0.6+3\amd64\api-ms-win-crt-locale-l1-1-0.dll
0x0000029f45e10000 - 0x0000029f45e15000 	C:\Users\jorge\.openjfx\cache\21.0.6+3\amd64\api-ms-win-crt-math-l1-1-0.dll
0x0000029f45e20000 - 0x0000029f45e25000 	C:\Users\jorge\.openjfx\cache\21.0.6+3\amd64\api-ms-win-crt-multibyte-l1-1-0.dll
0x0000029f45e30000 - 0x0000029f45e40000 	C:\Users\jorge\.openjfx\cache\21.0.6+3\amd64\api-ms-win-crt-private-l1-1-0.dll
0x0000029f45e40000 - 0x0000029f45e43000 	C:\Users\jorge\.openjfx\cache\21.0.6+3\amd64\api-ms-win-crt-process-l1-1-0.dll
0x0000029f45e50000 - 0x0000029f45e54000 	C:\Users\jorge\.openjfx\cache\21.0.6+3\amd64\api-ms-win-crt-runtime-l1-1-0.dll
0x0000029f45e60000 - 0x0000029f45e64000 	C:\Users\jorge\.openjfx\cache\21.0.6+3\amd64\api-ms-win-crt-stdio-l1-1-0.dll
0x0000029f45e70000 - 0x0000029f45e74000 	C:\Users\jorge\.openjfx\cache\21.0.6+3\amd64\api-ms-win-crt-string-l1-1-0.dll
0x0000029f45e80000 - 0x0000029f45e83000 	C:\Users\jorge\.openjfx\cache\21.0.6+3\amd64\api-ms-win-crt-time-l1-1-0.dll
0x0000029f45e90000 - 0x0000029f45e93000 	C:\Users\jorge\.openjfx\cache\21.0.6+3\amd64\api-ms-win-crt-utility-l1-1-0.dll
0x00007ffb505f0000 - 0x00007ffb506ec000 	C:\Users\jorge\.openjfx\cache\21.0.6+3\amd64\ucrtbase.dll
0x00007ffb6cae0000 - 0x00007ffb6cafb000 	C:\Users\jorge\.openjfx\cache\21.0.6+3\amd64\vcruntime140.dll
0x00007ffb9c620000 - 0x00007ffb9c62c000 	C:\Users\jorge\.openjfx\cache\21.0.6+3\amd64\vcruntime140_1.dll
0x00007ffb52fd0000 - 0x00007ffb5305e000 	C:\Users\jorge\.openjfx\cache\21.0.6+3\amd64\msvcp140.dll
0x00007ffb91170000 - 0x00007ffb91179000 	C:\Users\jorge\.openjfx\cache\21.0.6+3\amd64\msvcp140_1.dll
0x00007ffb6b930000 - 0x00007ffb6b971000 	C:\Users\jorge\.openjfx\cache\21.0.6+3\amd64\msvcp140_2.dll
0x00007ffb6b9b0000 - 0x00007ffb6b9e0000 	C:\Users\jorge\.openjfx\cache\21.0.6+3\amd64\prism_d3d.dll
0x00007ffb3d170000 - 0x00007ffb3d321000 	C:\WINDOWS\system32\d3d9.dll
0x00007ffba7510000 - 0x00007ffba753b000 	C:\WINDOWS\SYSTEM32\dwmapi.dll
0x00007ffba7360000 - 0x00007ffba73a4000 	C:\WINDOWS\SYSTEM32\dxcore.dll
0x00007ffba7280000 - 0x00007ffba7328000 	C:\WINDOWS\system32\uxtheme.dll
0x00007ffb06520000 - 0x00007ffb06796000 	C:\WINDOWS\System32\DriverStore\FileRepository\iigd_dch.inf_amd64_fe38470d802dc9be\igdumdim64.dll
0x00007ffb04f20000 - 0x00007ffb0645c000 	C:\WINDOWS\System32\DriverStore\FileRepository\iigd_dch.inf_amd64_fe38470d802dc9be\igd9trinity64.dll
0x00007ffba73b0000 - 0x00007ffba74ea000 	C:\WINDOWS\system32\dxgi.dll
0x00007ffba1c40000 - 0x00007ffba2082000 	C:\WINDOWS\System32\DriverStore\FileRepository\iigd_dch.inf_amd64_fe38470d802dc9be\igdgmm64.dll
0x00007ffba2170000 - 0x00007ffba2196000 	C:\WINDOWS\System32\DriverStore\FileRepository\iigd_dch.inf_amd64_fe38470d802dc9be\igc64.dll
0x00007ffb04ca0000 - 0x00007ffb04ced000 	C:\WINDOWS\SYSTEM32\ControlLib.dll
0x00007ffbac8c0000 - 0x00007ffbac917000 	C:\WINDOWS\SYSTEM32\CFGMGR32.dll
0x00007ffba2290000 - 0x00007ffba232d000 	C:\WINDOWS\System32\DriverStore\FileRepository\iigd_dch.inf_amd64_fe38470d802dc9be\IntelControlLib.dll
0x00007ffba48a0000 - 0x00007ffba4900000 	C:\WINDOWS\SYSTEM32\directxdatabasehelper.dll
0x00007ffb01af0000 - 0x00007ffb03019000 	C:\WINDOWS\System32\DriverStore\FileRepository\iigd_dch.inf_amd64_fe38470d802dc9be\igd9dxva64.dll
0x00007ffbae990000 - 0x00007ffbaee17000 	C:\WINDOWS\System32\SETUPAPI.dll
0x00007ffb973f0000 - 0x00007ffb9911e000 	C:\WINDOWS\System32\DriverStore\FileRepository\iigd_dch.inf_amd64_fe38470d802dc9be\media_bin_64.dll
0x00007ffb5b610000 - 0x00007ffb5b652000 	C:\Users\jorge\.openjfx\cache\21.0.6+3\amd64\glass.dll
0x00007ffbafa60000 - 0x00007ffbafb51000 	C:\WINDOWS\System32\COMDLG32.dll
0x00007ffbaf3c0000 - 0x00007ffbaf518000 	C:\WINDOWS\System32\MSCTF.dll
0x00007ffb9dca0000 - 0x00007ffba1c39000 	C:\WINDOWS\System32\DriverStore\FileRepository\iigd_dch.inf_amd64_fe38470d802dc9be\igc1464.dll
0x00007ffb01700000 - 0x00007ffb01849000 	C:\WINDOWS\System32\DriverStore\FileRepository\iigd_dch.inf_amd64_fe38470d802dc9be\igdml64.dll
0x00007ffb972f0000 - 0x00007ffb97319000 	C:\WINDOWS\System32\DriverStore\FileRepository\iigd_dch.inf_amd64_fe38470d802dc9be\igdinfo64.dll
0x00007ffb6cac0000 - 0x00007ffb6cad5000 	C:\Users\jorge\.openjfx\cache\21.0.6+3\amd64\javafx_font.dll
0x00007ffba5cd0000 - 0x00007ffba5f37000 	C:\WINDOWS\SYSTEM32\dwrite.dll
0x00007ffbae630000 - 0x00007ffbae6e1000 	C:\WINDOWS\System32\clbcatq.dll
0x00007ffba5820000 - 0x00007ffba5a4f000 	C:\WINDOWS\SYSTEM32\WindowsCodecs.dll
0x00007ffb62350000 - 0x00007ffb623aa000 	C:\WINDOWS\system32\dataexchange.dll
0x00007ffb9bda0000 - 0x00007ffb9bfd9000 	C:\WINDOWS\system32\twinapi.appcore.dll
0x00007ffb52c60000 - 0x00007ffb52c8c000 	C:\Program Files\Common Files\Microsoft Shared\Ink\rtscom.dll
0x00007ffb94960000 - 0x00007ffb94aa9000 	C:\WINDOWS\SYSTEM32\textinputframework.dll
0x00007ffb660f0000 - 0x00007ffb66509000 	C:\WINDOWS\SYSTEM32\UIAutomationCore.DLL
0x00007ffb8d990000 - 0x00007ffb8da4d000 	C:\Windows\System32\OneCoreCommonProxyStub.dll

dbghelp: loaded successfully - version: 4.0.5 - missing functions: none
symbol engine: initialized successfully - sym options: 0x614 - pdb path: .;C:\Users\jorge\.jdks\corretto-23.0.2\bin;C:\WINDOWS\SYSTEM32;C:\WINDOWS\WinSxS\amd64_microsoft.windows.common-controls_6595b64144ccf1df_6.0.26100.5074_none_3e0d6f78e32fd63f;C:\Users\jorge\.jdks\corretto-23.0.2\bin\server;C:\Users\jorge\.openjfx\cache\21.0.6+3\amd64;C:\WINDOWS\System32\DriverStore\FileRepository\iigd_dch.inf_amd64_fe38470d802dc9be;C:\Program Files\Common Files\Microsoft Shared\Ink

VM Arguments:
jvm_args: --add-reads=com.example.demo1=ALL-UNNAMED -javaagent:C:\Program Files\JetBrains\IntelliJ IDEA Community Edition 2025.2.1\lib\idea_rt.jar=62026 -Dfile.encoding=UTF-8 -Dsun.stdout.encoding=UTF-8 -Dsun.stderr.encoding=UTF-8 --module-path=C:\Users\jorge\.m2\repository\org\jfree\jfreechart\1.0.19\jfreechart-1.0.19.jar;C:\Users\jorge\.m2\repository\jfree\jfreechart\1.0.13\jfreechart-1.0.13.jar;C:\Users\jorge\.m2\repository\org\codehaus\woodstox\stax2-api\4.2.1\stax2-api-4.2.1.jar;C:\Users\jorge\.m2\repository\net\sf\jasperreports\jasperreports\6.21.3\jasperreports-6.21.3.jar;C:\Users\jorge\.m2\repository\org\openjfx\javafx-controls\21.0.6\javafx-controls-21.0.6-win.jar;C:\Users\jorge\.m2\repository\com\fasterxml\woodstox\woodstox-core\6.5.1\woodstox-core-6.5.1.jar;C:\Users\jorge\.m2\repository\org\openjfx\javafx-graphics\21.0.6\javafx-graphics-21.0.6-win.jar;C:\Users\jorge\.m2\repository\org\openjfx\javafx-fxml\21.0.6\javafx-fxml-21.0.6-win.jar;C:\Users\jorge\IdeaProjects\demo1\target\classes;C:\Users\jorge\.m2\repository\org\openjfx\javafx-base\21.0.6\javafx-base-21.0.6-win.jar;C:\Users\jorge\.m2\repository\com\sun\mail\javax.mail\1.6.2\javax.mail-1.6.2.jar -Djdk.module.main=com.example.demo1 
java_command: com.example.demo1/com.example.demo1.app.Mainapp
java_class_path (initial): C:\Users\jorge\.m2\repository\org\openjfx\javafx-controls\21.0.6\javafx-controls-21.0.6.jar;C:\Users\jorge\.m2\repository\org\openjfx\javafx-graphics\21.0.6\javafx-graphics-21.0.6.jar;C:\Users\jorge\.m2\repository\org\openjfx\javafx-base\21.0.6\javafx-base-21.0.6.jar;C:\Users\jorge\.m2\repository\org\openjfx\javafx-fxml\21.0.6\javafx-fxml-21.0.6.jar;C:\Users\jorge\.m2\repository\com\microsoft\sqlserver\mssql-jdbc\13.2.1.jre11\mssql-jdbc-13.2.1.jre11.jar;C:\Users\jorge\.m2\repository\commons-beanutils\commons-beanutils\1.9.4\commons-beanutils-1.9.4.jar;C:\Users\jorge\.m2\repository\commons-collections\commons-collections\3.2.2\commons-collections-3.2.2.jar;C:\Users\jorge\.m2\repository\commons-digester\commons-digester\2.1\commons-digester-2.1.jar;C:\Users\jorge\.m2\repository\commons-logging\commons-logging\1.1.1\commons-logging-1.1.1.jar;C:\Users\jorge\.m2\repository\org\apache\commons\commons-collections4\4.2\commons-collections4-4.2.jar;C:\Users\jorge\.m2\repository\com\github\librepdf\openpdf\1.3.32\openpdf-1.3.32.jar;C:\Users\jorge\.m2\repository\org\jfree\jcommon\1.0.23\jcommon-1.0.23.jar;C:\Users\jorge\.m2\repository\org\eclipse\jdt\ecj\3.21.0\ecj-3.21.0.jar;C:\Users\jorge\.m2\repository\com\fasterxml\jackson\core\jackson-core\2.15.3\jackson-core-2.15.3.jar;C:\Users\jorge\.m2\repository\com\fasterxml\jackson\core\jackson-databind\2.15.3\jackson-databind-2.15.3.jar;C:\Users\jorge\.m2\repository\com\fasterxml\jackson\core\jackson-annotations\2.15.3\jackson-annotations-2.15.3.jar;C:\Users\jorge\.m2\repository\com\fasterxml\jackson\dataformat\jackson-dataformat-xml\2.15.3\jackson-dataformat-xml-2.15.3.jar;C:\Users\jorge\.m2\repository\net\sf\jasperreports\jasperreports-fonts\6.21.3\jasperreports-fonts-6.21.3.jar;C:\Users\jorge\.m2\repository\jfree\jcommon\1.0.16\jcommon-1.0.16.jar;C:\Users\jorge\.m2\repository\javax\activation\activation\1.1\activation-1.1.jar
Launcher Type: SUN_STANDARD

[Global flags]
     intx CICompilerCount                          = 3                                         {product} {ergonomic}
     uint ConcGCThreads                            = 1                                         {product} {ergonomic}
     uint G1ConcRefinementThreads                  = 4                                         {product} {ergonomic}
   size_t G1HeapRegionSize                         = 2097152                                   {product} {ergonomic}
   size_t InitialHeapSize                          = 264241152                                 {product} {ergonomic}
   size_t MarkStackSize                            = 4194304                                   {product} {ergonomic}
   size_t MarkStackSizeMax                         = 536870912                                 {product} {ergonomic}
   size_t MaxHeapSize                              = 4204789760                                {product} {ergonomic}
   size_t MaxNewSize                               = 2522873856                                {product} {ergonomic}
   size_t MinHeapDeltaBytes                        = 2097152                                   {product} {ergonomic}
   size_t MinHeapSize                              = 8388608                                   {product} {ergonomic}
    uintx NonNMethodCodeHeapSize                   = 5832704                                {pd product} {ergonomic}
    uintx NonProfiledCodeHeapSize                  = 122945536                              {pd product} {ergonomic}
    uintx ProfiledCodeHeapSize                     = 122880000                              {pd product} {ergonomic}
    uintx ReservedCodeCacheSize                    = 251658240                              {pd product} {ergonomic}
     bool SegmentedCodeCache                       = true                                      {product} {ergonomic}
   size_t SoftMaxHeapSize                          = 4204789760                             {manageable} {ergonomic}
     bool UseCompressedOops                        = true                           {product lp64_product} {ergonomic}
     bool UseG1GC                                  = true                                      {product} {ergonomic}
     bool UseLargePagesIndividualAllocation        = false                                  {pd product} {ergonomic}

Logging:
Log output configuration:
 #0: stdout all=warning uptime,level,tags foldmultilines=false
 #1: stderr all=off uptime,level,tags foldmultilines=false

Environment Variables:
PATH=C:\WINDOWS\system32;C:\WINDOWS;C:\WINDOWS\System32\Wbem;C:\WINDOWS\System32\WindowsPowerShell\v1.0\;C:\WINDOWS\System32\OpenSSH\;C:\Program Files (x86)\Microsoft SQL Server\170\Tools\Binn\;C:\Program Files\Microsoft SQL Server\170\Tools\Binn\;C:\Program Files\Microsoft SQL Server\Client SDK\ODBC\180\Tools\Binn\;C:\Program Files\Microsoft SQL Server\170\DTS\Binn\;C:\Program Files\Docker\Docker\resources\bin;C:\Program Files\Git\cmd;C:\Program Files\dotnet\;C:\Users\jorge\AppData\Local\Microsoft\WindowsApps;C:\Program Files\JetBrains\IntelliJ IDEA Community Edition 2025.2.1\bin;C:\Users\jorge\.dotnet\tools
USERNAME=jorge
OS=Windows_NT
PROCESSOR_IDENTIFIER=Intel64 Family 6 Model 190 Stepping 0, GenuineIntel
TMP=C:\Users\jorge\AppData\Local\Temp
TEMP=C:\Users\jorge\AppData\Local\Temp




Periodic native trim disabled

---------------  S Y S T E M  ---------------

OS:
 Windows 11 , 64 bit Build 26100 (10.0.26100.5074)
OS uptime: 0 days 8:17 hours
Hyper-V role detected

CPU: total 4 (initial active 4) (4 cores per cpu, 1 threads per core) family 6 model 190 stepping 0 microcode 0x11, cx8, cmov, fxsr, mmx, 3dnowpref, sse, sse2, sse3, ssse3, sse4.1, sse4.2, popcnt, lzcnt, tsc, tscinvbit, avx, avx2, aes, erms, clmul, bmi1, bmi2, adx, sha, fma, vzeroupper, clflush, clflushopt, clwb, hv, serialize, rdtscp, rdpid, fsrm, gfni, f16c, cet_ibt, cet_ss
Processor Information for the first 4 processors :
  Max Mhz: 1000, Current Mhz: 1000, Mhz Limit: 1000

Memory: 4k page, system-wide physical 16037M (3610M free)
TotalPageFile size 19984M (AvailPageFile size 74M)
current process WorkingSet (physical memory assigned to process): 493M, peak: 493M
current process commit charge ("private bytes"): 753M, peak: 753M

vm_info: OpenJDK 64-Bit Server VM (23.0.2+7-FR) for windows-amd64 JRE (23.0.2+7-FR), built on 2025-01-07T22:59:58Z with MS VC++ 16.10 / 16.11 (VS2019)

END.
